=== GOTHIC PAGE VIEW ===
URL       http://localhost:3000/docs/routing
ENGINE    chromium 131
VIEWPORT  320x160   scroll 0,0
GRID      48x24   cell 7x7px

PALETTE (extracted from the render)
  .  #0f0f12  background                72%
  :  #1a1a20  bg header.site-header     15%
  A  #e4e4e7  fg header.site-header      6%
  B  #7c3aed  bg button.cta              6%

   0    5   10   15   20   25   30   35   40   45
 0 ::::::::::::::::::::::::::::::::::::::::::::::::
 1 ::::::::::::::::::::::::::::::::::::::::::::::::
 2 ::::::::::::::::::::::::::::::::::::::::::::::::
 3 ::::::::::::::::::::::::::::::::::::::::::::::::
 4 ................................................
 5 ................................................
 6 ................................................
 7 ................................................
 8 ................................................
 9 ..........................AAAAAAAAAAAAAAAA......
10 ..........................AAAAAAAAAAAAAAAA......
11 ..........................AAAAAAAAAAAAAAAA......
12 ..........................AAAAAAAAAAAAAAAA......
13 ...........................AAAAAAAAAAAAAAA......
14 ................................................
15 ......BBBBBBBBBBBBBB............................
16 ......BBBBBBBBBBBBBB............................
17 ......BBBBBBBBBBBBBB............................
18 ......BBBBBBBBBBBBBB............................
19 ......BBBBBBBBBBBBBB............................
20 ................................................
21 ................................................
22 ................................................
23 ................................................

REGIONS  (point-in-rect against the DOM manifest)
  rows  0-3   x0-320  header.site-header
  rows  0-23  x0-320  body
  rows  9-13  x176-280  p.hero
  rows 15-19  x40-136  button.cta

ALERTS (derived from the raster)
  (none)
